******************************************************************************
                  TI ARM Linker PC v5.2.5                      
******************************************************************************
>> Linked Wed Sep 14 22:28:56 2016

OUTPUT FILE NAME:   <PIF_FW2.out>
ENTRY POINT SYMBOL: "_c_int00"  address: 00001399


MEMORY CONFIGURATION

         name            origin    length      used     unused   attr    fill
----------------------  --------  ---------  --------  --------  ----  --------
  FLASH                 00000000   00040000  00001dba  0003e246  R  X
  SRAM                  20000000   00008000  0000048e  00007b72  RW X


SEGMENT ALLOCATION MAP

run origin  load origin   length   init length attrs members
----------  ----------- ---------- ----------- ----- -------
00000000    00000000    00001dc0   00001dc0    r-x
  00000000    00000000    0000026c   0000026c    r-- .intvecs
  0000026c    0000026c    0000174c   0000174c    r-x .text
  000019b8    000019b8    000003ba   000003ba    r-- .const
  00001d78    00001d78    00000048   00000048    r-- .cinit
20000000    20000000    0000048e   00000000    rw-
  20000000    20000000    0000026c   00000000    rw- .vtable
  2000026c    2000026c    00000200   00000000    rw- .stack
  2000046c    2000046c    00000020   00000000    rw- .data
  2000048c    2000048c    00000002   00000000    rw- .bss


SECTION ALLOCATION MAP

 output                                  attributes/
section   page    origin      length       input sections
--------  ----  ----------  ----------   ----------------
.intvecs   0    00000000    0000026c     
                  00000000    0000026c     tm4c123gh6pm_startup_ccs.obj (.intvecs)

.text      0    0000026c    0000174c     
                  0000026c    00000604     main.obj (.text)
                  00000870    0000049c     uartstdio.obj (.text)
                  00000d0c    00000130     driverlib.lib : gpio.obj (.text:GPIOPadConfigSet)
                  00000e3c    0000010c                   : sysctl.obj (.text:SysCtlClockGet)
                  00000f48    000000f0                   : sysctl.obj (.text:SysCtlClockSet)
                  00001038    0000009c     rtsv7M4_T_le_v4SPD16_eabi.lib : memcpy_t2.obj (.text)
                  000010d4    0000007a                                   : memset_t2.obj (.text)
                  0000114e    00000002                                   : i_div0.obj (.text)
                  00001150    0000006c                                   : autoinit.obj (.text)
                  000011bc    0000006a                                   : copy_decompress_rle.obj (.text)
                  00001226    00000002     --HOLE-- [fill = 0]
                  00001228    00000068     driverlib.lib : interrupt.obj (.text:IntEnable)
                  00001290    00000060                   : timer.obj (.text:TimerConfigure)
                  000012f0    00000056                   : gpio.obj (.text:GPIOIntTypeSet)
                  00001346    00000002     --HOLE-- [fill = 0]
                  00001348    00000050                   : sysctl.obj (.text:SysCtlPeripheralReset)
                  00001398    00000050     rtsv7M4_T_le_v4SPD16_eabi.lib : boot.obj (.text)
                  000013e8    0000004c     driverlib.lib : timer.obj (.text:_TimerIntNumberGet)
                  00001434    0000004c     rtsv7M4_T_le_v4SPD16_eabi.lib : cpy_tbl.obj (.text)
                  00001480    00000048     driverlib.lib : eeprom.obj (.text:EEPROMProgramNonBlocking)
                  000014c8    00000048                   : gpio.obj (.text:GPIOPinConfigure)
                  00001510    00000044     rtsv7M4_T_le_v4SPD16_eabi.lib : exit.obj (.text)
                  00001554    00000042     driverlib.lib : uart.obj (.text:UARTConfigSetExpClk)
                  00001596    00000002     --HOLE-- [fill = 0]
                  00001598    00000040                   : eeprom.obj (.text:EEPROMInit)
                  000015d8    00000040                   : gpio.obj (.text:_GPIOIntNumberGet)
                  00001618    00000040     rtsv7M4_T_le_v4SPD16_eabi.lib : u_divt2.obj (.text)
                  00001658    0000003c     driverlib.lib : eeprom.obj (.text:_EEPROMSectorMaskSet)
                  00001694    00000038                   : sysctl.obj (.text:SysCtlPeripheralPresent)
                  000016cc    00000034                   : eeprom.obj (.text:EEPROMRead)
                  00001700    00000034                   : interrupt.obj (.text:IntRegister)
                  00001734    00000034                   : sysctl.obj (.text:SysCtlPeripheralEnable)
                  00001768    0000002a                   : gpio.obj (.text:GPIODirModeSet)
                  00001792    00000022                   : pwm.obj (.text:PWMGenConfigure)
                  000017b4    0000001e                   : pwm.obj (.text:PWMPulseWidthSet)
                  000017d2    00000002     --HOLE-- [fill = 0]
                  000017d4    0000001c                   : uart.obj (.text:UARTDisable)
                  000017f0    00000018                   : gpio.obj (.text:GPIOIntRegister)
                  00001808    00000018                   : gpio.obj (.text:GPIOPinTypeGPIOOutput)
                  00001820    00000018                   : timer.obj (.text:TimerIntRegister)
                  00001838    00000018     rtsv7M4_T_le_v4SPD16_eabi.lib : args_main.obj (.text)
                  00001850    00000014     driverlib.lib : timer.obj (.text:TimerDisable)
                  00001864    00000014                   : uart.obj (.text:UARTEnable)
                  00001878    00000014     rtsv7M4_T_le_v4SPD16_eabi.lib : _lock.obj (.text)
                  0000188c    00000012     driverlib.lib : gpio.obj (.text:GPIOPinTypePWM)
                  0000189e    00000012                   : gpio.obj (.text:GPIOPinTypeUART)
                  000018b0    00000012                   : pwm.obj (.text:PWMOutputState)
                  000018c2    00000012                   : timer.obj (.text:TimerLoadSet)
                  000018d4    00000010                   : interrupt.obj (.text:IntMasterEnable)
                  000018e4    00000010                   : pwm.obj (.text:PWMGenPeriodSet)
                  000018f4    00000010                   : eeprom.obj (.text:_EEPROMWaitForDone)
                  00001904    0000000e                   : gpio.obj (.text:GPIOIntStatus)
                  00001912    0000000e                   : timer.obj (.text:TimerEnable)
                  00001920    0000000e     rtsv7M4_T_le_v4SPD16_eabi.lib : copy_decompress_none.obj (.text:decompress:none)
                  0000192e    0000000c     driverlib.lib : cpu.obj (.text:CPUcpsie)
                  0000193a    0000000c                   : gpio.obj (.text:GPIOIntEnable)
                  00001946    0000000c                   : pwm.obj (.text:PWMGenEnable)
                  00001952    0000000c                   : uart.obj (.text:UARTCharsAvail)
                  0000195e    0000000c     rtsv7M4_T_le_v4SPD16_eabi.lib : copy_zero_init.obj (.text:decompress:ZI)
                  0000196a    0000000c     tm4c123gh6pm_startup_ccs.obj (.text)
                  00001976    0000000a     driverlib.lib : uart.obj (.text:UARTCharGet)
                  00001980    0000000a                   : uart.obj (.text:UARTCharPut)
                  0000198a    00000008                   : timer.obj (.text:TimerIntEnable)
                  00001992    00000006                   : gpio.obj (.text:GPIOIntClear)
                  00001998    00000006                   : gpio.obj (.text:GPIOPinRead)
                  0000199e    00000006                   : gpio.obj (.text:GPIOPinWrite)
                  000019a4    00000006                   : sysctl.obj (.text:SysCtlDelay)
                  000019aa    00000006     rtsv7M4_T_le_v4SPD16_eabi.lib : copy_decompress_rle.obj (.text:decompress:rle24)
                  000019b0    00000004     driverlib.lib : timer.obj (.text:TimerIntClear)
                  000019b4    00000004     rtsv7M4_T_le_v4SPD16_eabi.lib : pre_init.obj (.text)

.const     0    000019b8    000003ba     
                  000019b8    000000c0     driverlib.lib : gpio.obj (.const:g_ppui32GPIOIntMapBlizzard)
                  00001a78    000000c0                   : gpio.obj (.const:g_ppui32GPIOIntMapSnowflake)
                  00001b38    00000090                   : gpio.obj (.const:g_pui32GPIOBaseAddrs)
                  00001bc8    00000070                   : interrupt.obj (.const)
                  00001c38    0000006c                   : sysctl.obj (.const:g_pui32Xtals)
                  00001ca4    00000060                   : timer.obj (.const:g_ppui32TimerIntMap)
                  00001d04    00000040                   : timer.obj (.const:g_ppui32TimerIntMapSnowflake)
                  00001d44    0000001c     uartstdio.obj (.const)
                  00001d60    00000012     uartstdio.obj (.const:.string)

.cinit     0    00001d78    00000048     
                  00001d78    0000000f     (.cinit..data.load) [load image, compression = rle]
                  00001d87    00000001     --HOLE-- [fill = 0]
                  00001d88    0000000c     (__TI_handler_table)
                  00001d94    00000004     --HOLE-- [fill = 0]
                  00001d98    00000008     (.cinit..bss.load) [load image, compression = zero_init]
                  00001da0    00000008     (.cinit..vtable.load) [load image, compression = zero_init]
                  00001da8    00000018     (__TI_cinit_table)

.init_array 
*          0    00000000    00000000     UNINITIALIZED

.vtable    0    20000000    0000026c     UNINITIALIZED
                  20000000    0000026c     driverlib.lib : interrupt.obj (.vtable)

.stack     0    2000026c    00000200     UNINITIALIZED
                  2000026c    00000200     --HOLE--

.data      0    2000046c    00000020     UNINITIALIZED
                  2000046c    00000008     rtsv7M4_T_le_v4SPD16_eabi.lib : _lock.obj (.data)
                  20000474    00000008                                   : exit.obj (.data)
                  2000047c    00000005     uartstdio.obj (.data)
                  20000481    00000001     --HOLE--
                  20000482    00000004     main.obj (.data)
                  20000486    00000002     --HOLE--
                  20000488    00000004     rtsv7M4_T_le_v4SPD16_eabi.lib : stkdepth_vars.obj (.data)

.bss       0    2000048c    00000002     UNINITIALIZED
                  2000048c    00000001     (.common:flag_err)
                  2000048d    00000001     (.common:flag_state)

.TI.persistent 
*          0    2000046c    00000000     UNINITIALIZED

.TI.noinit 
*          0    2000048c    00000000     UNINITIALIZED


LINKER GENERATED COPY TABLES

__TI_cinit_table @ 00001da8 records: 3, size/record: 8, table size: 24
	.data: load addr=00001d78, load size=0000000f bytes, run addr=2000046c, run size=00000020 bytes, compression=rle
	.bss: load addr=00001d98, load size=00000008 bytes, run addr=2000048c, run size=00000002 bytes, compression=zero_init
	.vtable: load addr=00001da0, load size=00000008 bytes, run addr=20000000, run size=0000026c bytes, compression=zero_init


LINKER GENERATED HANDLER TABLE

__TI_handler_table @ 00001d88 records: 3, size/record: 4, table size: 12
	index: 0, handler: __TI_zero_init
	index: 1, handler: __TI_decompress_rle24
	index: 2, handler: __TI_decompress_none


GLOBAL SYMBOLS: SORTED ALPHABETICALLY BY Name 

address   name                    
-------   ----                    
000005c9  Basic_Init              
000006a7  Blinky                  
0000026d  Button_Init_Handler     
00001511  C$$EXIT                 
0000192f  CPUcpsie                
00000683  Check_Flag_Error        
00000745  Delay_ms                
00001599  EEPROMInit              
00001481  EEPROMProgramNonBlocking
000016cd  EEPROMRead              
00000675  Eeprom_Init             
00001769  GPIODirModeSet          
00001993  GPIOIntClear            
0000193b  GPIOIntEnable           
000017f1  GPIOIntRegister         
00001905  GPIOIntStatus           
000012f1  GPIOIntTypeSet          
00000d0d  GPIOPadConfigSet        
000014c9  GPIOPinConfigure        
00001999  GPIOPinRead             
00001809  GPIOPinTypeGPIOOutput   
0000188d  GPIOPinTypePWM          
0000189f  GPIOPinTypeUART         
0000199f  GPIOPinWrite            
00001229  IntEnable               
000018d5  IntMasterEnable         
00001701  IntRegister             
000005f7  Interrupt_Init          
00001793  PWMGenConfigure         
00001947  PWMGenEnable            
000018e5  PWMGenPeriodSet         
000018b1  PWMOutputState          
000017b5  PWMPulseWidthSet        
000006f5  PWM_Init                
0000196b  ResetISR                
UNDEFED   SHT$$INIT_ARRAY$$Base   
UNDEFED   SHT$$INIT_ARRAY$$Limit  
00000e3d  SysCtlClockGet          
00000f49  SysCtlClockSet          
000019a5  SysCtlDelay             
00001735  SysCtlPeripheralEnable  
00001695  SysCtlPeripheralPresent 
00001349  SysCtlPeripheralReset   
00000341  Timer0_Int_Handler      
00001291  TimerConfigure          
00001851  TimerDisable            
00001913  TimerEnable             
000019b1  TimerIntClear           
0000198b  TimerIntEnable          
00001821  TimerIntRegister        
000018c3  TimerLoadSet            
00000645  Timer_Init              
00001977  UARTCharGet             
00001981  UARTCharPut             
00001953  UARTCharsAvail          
00001555  UARTConfigSetExpClk     
000017d5  UARTDisable             
00001865  UARTEnable              
00000871  UARTStdioConfig         
0000078b  UART_Init               
000009b7  UARTgetc                
000008fd  UARTgets                
00000cd7  UARTprintf              
000009dd  UARTvprintf             
000008b7  UARTwrite               
2000046c  __STACK_END             
00000200  __STACK_SIZE            
2000046c  __STACK_TOP             
00001da8  __TI_CINIT_Base         
00001dc0  __TI_CINIT_Limit        
00001d88  __TI_Handler_Table_Base 
00001d94  __TI_Handler_Table_Limit
00001151  __TI_auto_init          
20000474  __TI_cleanup_ptr        
00001921  __TI_decompress_none    
000019ab  __TI_decompress_rle24   
20000478  __TI_dtors_ptr          
00000000  __TI_static_base__      
0000195f  __TI_zero_init          
0000114f  __aeabi_idiv0           
000010d5  __aeabi_memclr          
000010d5  __aeabi_memclr4         
000010d5  __aeabi_memclr8         
00001039  __aeabi_memcpy          
00001039  __aeabi_memcpy4         
00001039  __aeabi_memcpy8         
000010d7  __aeabi_memset          
000010d7  __aeabi_memset4         
000010d7  __aeabi_memset8         
00001619  __aeabi_uidiv           
00001619  __aeabi_uidivmod        
ffffffff  __binit__               
ffffffff  __c_args__              
2000026c  __stack                 
00001839  _args_main              
00001399  _c_int00                
2000046c  _lock                   
00001887  _nop                    
0000187f  _register_lock          
00001879  _register_unlock        
000019b5  _system_pre_init        
20000470  _unlock                 
00001515  abort                   
ffffffff  binit                   
20000485  check_double_cnt        
00001435  copy_in                 
0000151d  exit                    
2000048c  flag_err                
2000048d  flag_state              
20000484  flag_timer_check        
20000000  g_pfnRAMVectors         
00000000  g_pfnVectors            
00000425  main                    
20000488  main_func_sp            
00001039  memcpy                  
000010dd  memset                  
20000482  timer_cnt               


GLOBAL SYMBOLS: SORTED BY Symbol Address 

address   name                    
-------   ----                    
00000000  __TI_static_base__      
00000000  g_pfnVectors            
00000200  __STACK_SIZE            
0000026d  Button_Init_Handler     
00000341  Timer0_Int_Handler      
00000425  main                    
000005c9  Basic_Init              
000005f7  Interrupt_Init          
00000645  Timer_Init              
00000675  Eeprom_Init             
00000683  Check_Flag_Error        
000006a7  Blinky                  
000006f5  PWM_Init                
00000745  Delay_ms                
0000078b  UART_Init               
00000871  UARTStdioConfig         
000008b7  UARTwrite               
000008fd  UARTgets                
000009b7  UARTgetc                
000009dd  UARTvprintf             
00000cd7  UARTprintf              
00000d0d  GPIOPadConfigSet        
00000e3d  SysCtlClockGet          
00000f49  SysCtlClockSet          
00001039  __aeabi_memcpy          
00001039  __aeabi_memcpy4         
00001039  __aeabi_memcpy8         
00001039  memcpy                  
000010d5  __aeabi_memclr          
000010d5  __aeabi_memclr4         
000010d5  __aeabi_memclr8         
000010d7  __aeabi_memset          
000010d7  __aeabi_memset4         
000010d7  __aeabi_memset8         
000010dd  memset                  
0000114f  __aeabi_idiv0           
00001151  __TI_auto_init          
00001229  IntEnable               
00001291  TimerConfigure          
000012f1  GPIOIntTypeSet          
00001349  SysCtlPeripheralReset   
00001399  _c_int00                
00001435  copy_in                 
00001481  EEPROMProgramNonBlocking
000014c9  GPIOPinConfigure        
00001511  C$$EXIT                 
00001515  abort                   
0000151d  exit                    
00001555  UARTConfigSetExpClk     
00001599  EEPROMInit              
00001619  __aeabi_uidiv           
00001619  __aeabi_uidivmod        
00001695  SysCtlPeripheralPresent 
000016cd  EEPROMRead              
00001701  IntRegister             
00001735  SysCtlPeripheralEnable  
00001769  GPIODirModeSet          
00001793  PWMGenConfigure         
000017b5  PWMPulseWidthSet        
000017d5  UARTDisable             
000017f1  GPIOIntRegister         
00001809  GPIOPinTypeGPIOOutput   
00001821  TimerIntRegister        
00001839  _args_main              
00001851  TimerDisable            
00001865  UARTEnable              
00001879  _register_unlock        
0000187f  _register_lock          
00001887  _nop                    
0000188d  GPIOPinTypePWM          
0000189f  GPIOPinTypeUART         
000018b1  PWMOutputState          
000018c3  TimerLoadSet            
000018d5  IntMasterEnable         
000018e5  PWMGenPeriodSet         
00001905  GPIOIntStatus           
00001913  TimerEnable             
00001921  __TI_decompress_none    
0000192f  CPUcpsie                
0000193b  GPIOIntEnable           
00001947  PWMGenEnable            
00001953  UARTCharsAvail          
0000195f  __TI_zero_init          
0000196b  ResetISR                
00001977  UARTCharGet             
00001981  UARTCharPut             
0000198b  TimerIntEnable          
00001993  GPIOIntClear            
00001999  GPIOPinRead             
0000199f  GPIOPinWrite            
000019a5  SysCtlDelay             
000019ab  __TI_decompress_rle24   
000019b1  TimerIntClear           
000019b5  _system_pre_init        
00001d88  __TI_Handler_Table_Base 
00001d94  __TI_Handler_Table_Limit
00001da8  __TI_CINIT_Base         
00001dc0  __TI_CINIT_Limit        
20000000  g_pfnRAMVectors         
2000026c  __stack                 
2000046c  __STACK_END             
2000046c  __STACK_TOP             
2000046c  _lock                   
20000470  _unlock                 
20000474  __TI_cleanup_ptr        
20000478  __TI_dtors_ptr          
20000482  timer_cnt               
20000484  flag_timer_check        
20000485  check_double_cnt        
20000488  main_func_sp            
2000048c  flag_err                
2000048d  flag_state              
ffffffff  __binit__               
ffffffff  __c_args__              
ffffffff  binit                   
UNDEFED   SHT$$INIT_ARRAY$$Base   
UNDEFED   SHT$$INIT_ARRAY$$Limit  

[117 symbols]
